W0827 00:45:19.122000 13 torch/distributed/run.py:862]
W0827 00:45:19.122000 13 torch/distributed/run.py:862] *****************************************
W0827 00:45:19.122000 13 torch/distributed/run.py:862] Setting OMP_NUM_THREADS environment variable for each process to be 1 in default, to avoid your system being overloaded, please further tune the variable for optimal performance in your application as needed.
W0827 00:45:19.122000 13 torch/distributed/run.py:862] *****************************************
/workspace/repro/benchmarks/gemm_iteration_impact.py:90: FutureWarning: `enable_symm_mem_for_group` is deprecated. There is no need to call this function anymore.
  symm_mem.enable_symm_mem_for_group(group.group_name)
/opt/venv/lib/python3.14/site-packages/torch/distributed/c10d_logger.py:83: UserWarning: barrier(): using the device under current context. You can specify `device_id` in `init_process_group` to mute this warning.
  return func(*args, **kwargs)
[rank0]:[W827 00:45:22.690019017 ProcessGroupNCCL.cpp:5324] Guessing device ID based on global rank. This can cause a hang if rank to GPU mapping is heterogeneous. You can specify device_id in init_process_group()
RCCL version : 2.30.7-HEAD:69d542a+
HIP version  : 7.14.60850-0000000
ROCm version : 7.14.0.0-9999-2b22ab01
Hostname     : smci355-ccs-aus-n03-33.prov.aus.ccs.cpe.ice.amd.com
Librccl path : /opt/venv/lib/python3.14/site-packages/_rocm_sdk_libraries/lib/librccl.so
/workspace/repro/benchmarks/gemm_iteration_impact.py:90: FutureWarning: `enable_symm_mem_for_group` is deprecated. There is no need to call this function anymore.
  symm_mem.enable_symm_mem_for_group(group.group_name)
/workspace/repro/benchmarks/gemm_iteration_impact.py:90: FutureWarning: `enable_symm_mem_for_group` is deprecated. There is no need to call this function anymore.
  symm_mem.enable_symm_mem_for_group(group.group_name)
/workspace/repro/benchmarks/gemm_iteration_impact.py:90: FutureWarning: `enable_symm_mem_for_group` is deprecated. There is no need to call this function anymore.
  symm_mem.enable_symm_mem_for_group(group.group_name)
/workspace/repro/benchmarks/gemm_iteration_impact.py:90: FutureWarning: `enable_symm_mem_for_group` is deprecated. There is no need to call this function anymore.
  symm_mem.enable_symm_mem_for_group(group.group_name)
/workspace/repro/benchmarks/gemm_iteration_impact.py:90: FutureWarning: `enable_symm_mem_for_group` is deprecated. There is no need to call this function anymore.
  symm_mem.enable_symm_mem_for_group(group.group_name)
/workspace/repro/benchmarks/gemm_iteration_impact.py:90: FutureWarning: `enable_symm_mem_for_group` is deprecated. There is no need to call this function anymore.
  symm_mem.enable_symm_mem_for_group(group.group_name)
/workspace/repro/benchmarks/gemm_iteration_impact.py:90: FutureWarning: `enable_symm_mem_for_group` is deprecated. There is no need to call this function anymore.
  symm_mem.enable_symm_mem_for_group(group.group_name)
[rank0]:[W827 00:45:31.255594468 ProcessGroupNCCL.cpp:5324] Guessing device ID based on global rank. This can cause a hang if rank to GPU mapping is heterogeneous. You can specify device_id in init_process_group()
RESULT {"allgather_window_ms": 7.696751594543457, "baseline_gemm_ms": 0.8411650061607361, "max_latency_increase_pct": 66.36699891095827, "median_latency_increase_pct": 43.017955760487915, "overlapped_gemm_max_ms": 1.399420976638794, "overlapped_gemm_median_ms": 1.203016996383667, "overlapped_gemm_p95_ms": 1.2603866100311278, "overlapped_samples": 60, "p95_latency_increase_pct": 49.83821257422635, "policy": 0, "post_gemm_ms": 0.8324049711227417}
[rank0]:[W827 00:45:37.399903801 ProcessGroupNCCL.cpp:5324] Guessing device ID based on global rank. This can cause a hang if rank to GPU mapping is heterogeneous. You can specify device_id in init_process_group()
RESULT {"allgather_window_ms": 14.299616813659668, "baseline_gemm_ms": 0.8412249982357025, "max_latency_increase_pct": 11.571222652833066, "median_latency_increase_pct": 4.524351957802413, "overlapped_gemm_max_ms": 0.9385650157928467, "overlapped_gemm_median_ms": 0.8792849779129028, "overlapped_gemm_p95_ms": 0.921405017375946, "overlapped_samples": 30, "p95_latency_increase_pct": 9.53134052226274, "policy": 2, "post_gemm_ms": 0.8335639834403992}
SUMMARY {"allgather_repeats": 1, "gemm": {"dtype": "bfloat16", "k": 8192, "m": 8192, "n": 8192, "repeats_per_iteration": 1}, "message_bytes": 134217728, "post_gemms": 16, "pre_gemms": 8, "results": [{"allgather_window_ms": 7.696751594543457, "baseline_gemm_ms": 0.8411650061607361, "max_latency_increase_pct": 66.36699891095827, "median_latency_increase_pct": 43.017955760487915, "overlapped_gemm_max_ms": 1.399420976638794, "overlapped_gemm_median_ms": 1.203016996383667, "overlapped_gemm_p95_ms": 1.2603866100311278, "overlapped_samples": 60, "p95_latency_increase_pct": 49.83821257422635, "policy": 0, "post_gemm_ms": 0.8324049711227417}, {"allgather_window_ms": 14.299616813659668, "baseline_gemm_ms": 0.8412249982357025, "max_latency_increase_pct": 11.571222652833066, "median_latency_increase_pct": 4.524351957802413, "overlapped_gemm_max_ms": 0.9385650157928467, "overlapped_gemm_median_ms": 0.8792849779129028, "overlapped_gemm_p95_ms": 0.921405017375946, "overlapped_samples": 30, "p95_latency_increase_pct": 9.53134052226274, "policy": 2, "post_gemm_ms": 0.8335639834403992}], "trials": 30, "world_size": 16}
